
> daily-sales-app@0.1.0 build
> prisma generate && next build

Environment variables loaded from .env
Prisma schema loaded from prisma\schema.prisma

Γ£ö Generated Prisma Client (v5.22.0) to .\node_modules\@prisma\client in 196ms

Start by importing your Prisma Client (See: https://pris.ly/d/importing-client)

Tip: Interested in query caching in just a few lines of code? Try Accelerate today! https://pris.ly/tip-3-accelerate

Γû▓ Next.js 16.1.6 (Turbopack)
- Environments: .env

  Creating an optimized production build ...
Γ£ô Compiled successfully in 16.4s
  Running TypeScript ...
  Collecting page data using 7 workers ...
  Generating static pages using 7 workers (0/13) ...
  Generating static pages using 7 workers (3/13) 
  Generating static pages using 7 workers (6/13) 
  Generating static pages using 7 workers (9/13) 
Γ£ô Generating static pages using 7 workers (13/13) in 836.5ms
  Finalizing page optimization ...

Route (app)
Γöî ╞Æ /
Γö£ Γùï /_not-found
Γö£ ╞Æ /api/auth/[...nextauth]
Γö£ ╞Æ /api/cron/daily-report
Γö£ ╞Æ /api/customers
Γö£ ╞Æ /api/customers/[id]
Γö£ ╞Æ /api/products
Γö£ ╞Æ /api/products/[id]
Γö£ ╞Æ /api/register
Γö£ ╞Æ /api/reports/daily
Γö£ ╞Æ /api/reports/sync
Γö£ ╞Æ /api/representatives
Γö£ ╞Æ /api/representatives/[id]
Γö£ ╞Æ /api/sales
Γö£ ╞Æ /api/sales/[id]
Γö£ ╞Æ /api/users
Γö£ Γùï /archive
Γö£ Γùï /customers
Γö£ Γùï /login
Γö£ Γùï /products
Γö£ Γùï /register
Γö£ Γùï /reports
Γö£ Γùï /representatives
Γö£ Γùï /sales/new
Γöö Γùï /team


Γùï  (Static)   prerendered as static content
╞Æ  (Dynamic)  server-rendered on demand

